// Vitest Snapshot v1, https://vitest.dev/guide/snapshot.html

exports[`Nested > Nested component renders 1`] = `
<div>
  <div
    class="css-xtnv8v-Nested"
  />
</div>
`;
